error[E0277]: the trait bound `NoDefault: std::default::Default` is not satisfied
 --> tests/ui/no_default.rs:8:5
  |
8 |     no_default: NoDefault,
  |     ^^^^^^^^^^ the trait `std::default::Default` is not implemented for `NoDefault`
  |
  = help: the following other types implement trait `FromWorld`:
            CASNode
            MainPass2dNode
            Children
            Parent
            SceneLoader
            MsaaWritebackNode
            Material2dPipeline<M>
            BlitPipeline
          and $N others
  = note: required for `NoDefault` to implement `FromWorld`
help: consider annotating `NoDefault` with `#[derive(Default)]`
  |
11+ #[derive(Default)]
12| struct NoDefault;
  |
